CRITICAL - 2024-10-06 13:46:14 --> Invalid file: "ayouts/head.php"
in SYSTEMPATH\Exceptions\FrameworkException.php on line 33.
 1 SYSTEMPATH\View\View.php(201): CodeIgniter\Exceptions\FrameworkException::forInvalidFile('ayouts/head.php')
 2 SYSTEMPATH\View\View.php(431): CodeIgniter\View\View->render('ayouts/head.php', null, true)
 3 APPPATH\Views\layouts\main.php(1): CodeIgniter\View\View->include('ayouts/head.php')
 4 SYSTEMPATH\View\View.php(213): include('C:\\xampp\\htdocs\\prestamos\\app\\Views\\layouts\\main.php')
 5 SYSTEMPATH\View\View.php(216): CodeIgniter\View\View->CodeIgniter\View\{closure}()
 6 SYSTEMPATH\View\View.php(229): CodeIgniter\View\View->render('layouts/main', [], true)
 7 SYSTEMPATH\Common.php(1184): CodeIgniter\View\View->render('plantilla', [], true)
 8 APPPATH\Controllers\Home.php(13): view('plantilla')
 9 SYSTEMPATH\CodeIgniter.php(934): App\Controllers\Home->plantilla()
10 SYSTEMPATH\CodeIgniter.php(499): CodeIgniter\CodeIgniter->runController(Object(App\Controllers\Home))
11 SYSTEMPATH\CodeIgniter.php(368): CodeIgniter\CodeIgniter->handleRequest(null, Object(Config\Cache), false)
12 FCPATH\index.php(67): CodeIgniter\CodeIgniter->run()
CRITICAL - 2024-10-06 13:47:28 --> Invalid file: "ayouts/styles.php"
in SYSTEMPATH\Exceptions\FrameworkException.php on line 33.
 1 SYSTEMPATH\View\View.php(201): CodeIgniter\Exceptions\FrameworkException::forInvalidFile('ayouts/styles.php')
 2 SYSTEMPATH\View\View.php(431): CodeIgniter\View\View->render('ayouts/styles.php', null, true)
 3 APPPATH\Views\layouts\head.php(8): CodeIgniter\View\View->include('ayouts/styles.php')
 4 SYSTEMPATH\View\View.php(213): include('C:\\xampp\\htdocs\\prestamos\\app\\Views\\layouts\\head.php')
 5 SYSTEMPATH\View\View.php(216): CodeIgniter\View\View->CodeIgniter\View\{closure}()
 6 SYSTEMPATH\View\View.php(431): CodeIgniter\View\View->render('layouts/head.php', null, true)
 7 APPPATH\Views\layouts\main.php(1): CodeIgniter\View\View->include('layouts/head.php')
 8 SYSTEMPATH\View\View.php(213): include('C:\\xampp\\htdocs\\prestamos\\app\\Views\\layouts\\main.php')
 9 SYSTEMPATH\View\View.php(216): CodeIgniter\View\View->CodeIgniter\View\{closure}()
10 SYSTEMPATH\View\View.php(229): CodeIgniter\View\View->render('layouts/main', [], true)
11 SYSTEMPATH\Common.php(1184): CodeIgniter\View\View->render('plantilla', [], true)
12 APPPATH\Controllers\Home.php(13): view('plantilla')
13 SYSTEMPATH\CodeIgniter.php(934): App\Controllers\Home->plantilla()
14 SYSTEMPATH\CodeIgniter.php(499): CodeIgniter\CodeIgniter->runController(Object(App\Controllers\Home))
15 SYSTEMPATH\CodeIgniter.php(368): CodeIgniter\CodeIgniter->handleRequest(null, Object(Config\Cache), false)
16 FCPATH\index.php(67): CodeIgniter\CodeIgniter->run()
CRITICAL - 2024-10-06 13:47:42 --> Invalid file: "ayouts/styles.php"
in SYSTEMPATH\Exceptions\FrameworkException.php on line 33.
 1 SYSTEMPATH\View\View.php(201): CodeIgniter\Exceptions\FrameworkException::forInvalidFile('ayouts/styles.php')
 2 SYSTEMPATH\View\View.php(431): CodeIgniter\View\View->render('ayouts/styles.php', null, true)
 3 APPPATH\Views\layouts\head.php(8): CodeIgniter\View\View->include('ayouts/styles.php')
 4 SYSTEMPATH\View\View.php(213): include('C:\\xampp\\htdocs\\prestamos\\app\\Views\\layouts\\head.php')
 5 SYSTEMPATH\View\View.php(216): CodeIgniter\View\View->CodeIgniter\View\{closure}()
 6 SYSTEMPATH\View\View.php(431): CodeIgniter\View\View->render('layouts/head.php', null, true)
 7 APPPATH\Views\layouts\main.php(1): CodeIgniter\View\View->include('layouts/head.php')
 8 SYSTEMPATH\View\View.php(213): include('C:\\xampp\\htdocs\\prestamos\\app\\Views\\layouts\\main.php')
 9 SYSTEMPATH\View\View.php(216): CodeIgniter\View\View->CodeIgniter\View\{closure}()
10 SYSTEMPATH\View\View.php(229): CodeIgniter\View\View->render('layouts/main', [], true)
11 SYSTEMPATH\Common.php(1184): CodeIgniter\View\View->render('plantilla', [], true)
12 APPPATH\Controllers\Home.php(13): view('plantilla')
13 SYSTEMPATH\CodeIgniter.php(934): App\Controllers\Home->plantilla()
14 SYSTEMPATH\CodeIgniter.php(499): CodeIgniter\CodeIgniter->runController(Object(App\Controllers\Home))
15 SYSTEMPATH\CodeIgniter.php(368): CodeIgniter\CodeIgniter->handleRequest(null, Object(Config\Cache), false)
16 FCPATH\index.php(67): CodeIgniter\CodeIgniter->run()
CRITICAL - 2024-10-06 13:47:43 --> Invalid file: "ayouts/styles.php"
in SYSTEMPATH\Exceptions\FrameworkException.php on line 33.
 1 SYSTEMPATH\View\View.php(201): CodeIgniter\Exceptions\FrameworkException::forInvalidFile('ayouts/styles.php')
 2 SYSTEMPATH\View\View.php(431): CodeIgniter\View\View->render('ayouts/styles.php', null, true)
 3 APPPATH\Views\layouts\head.php(8): CodeIgniter\View\View->include('ayouts/styles.php')
 4 SYSTEMPATH\View\View.php(213): include('C:\\xampp\\htdocs\\prestamos\\app\\Views\\layouts\\head.php')
 5 SYSTEMPATH\View\View.php(216): CodeIgniter\View\View->CodeIgniter\View\{closure}()
 6 SYSTEMPATH\View\View.php(431): CodeIgniter\View\View->render('layouts/head.php', null, true)
 7 APPPATH\Views\layouts\main.php(1): CodeIgniter\View\View->include('layouts/head.php')
 8 SYSTEMPATH\View\View.php(213): include('C:\\xampp\\htdocs\\prestamos\\app\\Views\\layouts\\main.php')
 9 SYSTEMPATH\View\View.php(216): CodeIgniter\View\View->CodeIgniter\View\{closure}()
10 SYSTEMPATH\View\View.php(229): CodeIgniter\View\View->render('layouts/main', [], true)
11 SYSTEMPATH\Common.php(1184): CodeIgniter\View\View->render('plantilla', [], true)
12 APPPATH\Controllers\Home.php(13): view('plantilla')
13 SYSTEMPATH\CodeIgniter.php(934): App\Controllers\Home->plantilla()
14 SYSTEMPATH\CodeIgniter.php(499): CodeIgniter\CodeIgniter->runController(Object(App\Controllers\Home))
15 SYSTEMPATH\CodeIgniter.php(368): CodeIgniter\CodeIgniter->handleRequest(null, Object(Config\Cache), false)
16 FCPATH\index.php(67): CodeIgniter\CodeIgniter->run()
CRITICAL - 2024-10-06 14:55:02 --> Invalid file: "layouts/scripts.php"
in SYSTEMPATH\Exceptions\FrameworkException.php on line 33.
 1 SYSTEMPATH\View\View.php(201): CodeIgniter\Exceptions\FrameworkException::forInvalidFile('layouts/scripts.php')
 2 SYSTEMPATH\View\View.php(431): CodeIgniter\View\View->render('layouts/scripts.php', null, true)
 3 APPPATH\Views\layouts\main.php(20): CodeIgniter\View\View->include('layouts/scripts.php')
 4 SYSTEMPATH\View\View.php(213): include('C:\\xampp\\htdocs\\prestamos\\app\\Views\\layouts\\main.php')
 5 SYSTEMPATH\View\View.php(216): CodeIgniter\View\View->CodeIgniter\View\{closure}()
 6 SYSTEMPATH\View\View.php(229): CodeIgniter\View\View->render('layouts/main', [], true)
 7 SYSTEMPATH\Common.php(1184): CodeIgniter\View\View->render('plantilla', [], true)
 8 APPPATH\Controllers\Home.php(13): view('plantilla')
 9 SYSTEMPATH\CodeIgniter.php(934): App\Controllers\Home->plantilla()
10 SYSTEMPATH\CodeIgniter.php(499): CodeIgniter\CodeIgniter->runController(Object(App\Controllers\Home))
11 SYSTEMPATH\CodeIgniter.php(368): CodeIgniter\CodeIgniter->handleRequest(null, Object(Config\Cache), false)
12 FCPATH\index.php(67): CodeIgniter\CodeIgniter->run()
INFO - 2024-10-06 16:50:58 --> Session: Class initialized using 'CodeIgniter\Session\Handlers\FileHandler' driver.
INFO - 2024-10-06 16:51:03 --> Session: Class initialized using 'CodeIgniter\Session\Handlers\FileHandler' driver.
INFO - 2024-10-06 16:55:41 --> Session: Class initialized using 'CodeIgniter\Session\Handlers\FileHandler' driver.
INFO - 2024-10-06 16:55:44 --> CSRF token verified.
INFO - 2024-10-06 16:55:44 --> Session: Class initialized using 'CodeIgniter\Session\Handlers\FileHandler' driver.
ERROR - 2024-10-06 16:55:44 --> Error connecting to the database: mysqli_sql_exception: Unknown database 'prestamos' in C:\xampp\htdocs\prestamos\system\Database\MySQLi\Connection.php:173
Stack trace:
#0 C:\xampp\htdocs\prestamos\system\Database\MySQLi\Connection.php(173): mysqli->real_connect('localhost', 'root', Object(SensitiveParameterValue), 'prestamos', 3306, '', 0)
#1 C:\xampp\htdocs\prestamos\system\Database\BaseConnection.php(391): CodeIgniter\Database\MySQLi\Connection->connect(false)
#2 C:\xampp\htdocs\prestamos\system\Database\BaseConnection.php(574): CodeIgniter\Database\BaseConnection->initialize()
#3 C:\xampp\htdocs\prestamos\system\Database\BaseBuilder.php(1616): CodeIgniter\Database\BaseConnection->query('SELECT *\nFROM `...', Array, false)
#4 C:\xampp\htdocs\prestamos\system\Model.php(268): CodeIgniter\Database\BaseBuilder->get()
#5 C:\xampp\htdocs\prestamos\system\BaseModel.php(656): CodeIgniter\Model->doFirst()
#6 C:\xampp\htdocs\prestamos\app\Controllers\LoginController.php(40): CodeIgniter\BaseModel->first()
#7 C:\xampp\htdocs\prestamos\system\CodeIgniter.php(934): App\Controllers\LoginController->validar()
#8 C:\xampp\htdocs\prestamos\system\CodeIgniter.php(499): CodeIgniter\CodeIgniter->runController(Object(App\Controllers\LoginController))
#9 C:\xampp\htdocs\prestamos\system\CodeIgniter.php(368): CodeIgniter\CodeIgniter->handleRequest(NULL, Object(Config\Cache), false)
#10 C:\xampp\htdocs\prestamos\public\index.php(67): CodeIgniter\CodeIgniter->run()
#11 {main}

Next CodeIgniter\Database\Exceptions\DatabaseException: Unknown database 'prestamos' in C:\xampp\htdocs\prestamos\system\Database\MySQLi\Connection.php:218
Stack trace:
#0 C:\xampp\htdocs\prestamos\system\Database\BaseConnection.php(391): CodeIgniter\Database\MySQLi\Connection->connect(false)
#1 C:\xampp\htdocs\prestamos\system\Database\BaseConnection.php(574): CodeIgniter\Database\BaseConnection->initialize()
#2 C:\xampp\htdocs\prestamos\system\Database\BaseBuilder.php(1616): CodeIgniter\Database\BaseConnection->query('SELECT *\nFROM `...', Array, false)
#3 C:\xampp\htdocs\prestamos\system\Model.php(268): CodeIgniter\Database\BaseBuilder->get()
#4 C:\xampp\htdocs\prestamos\system\BaseModel.php(656): CodeIgniter\Model->doFirst()
#5 C:\xampp\htdocs\prestamos\app\Controllers\LoginController.php(40): CodeIgniter\BaseModel->first()
#6 C:\xampp\htdocs\prestamos\system\CodeIgniter.php(934): App\Controllers\LoginController->validar()
#7 C:\xampp\htdocs\prestamos\system\CodeIgniter.php(499): CodeIgniter\CodeIgniter->runController(Object(App\Controllers\LoginController))
#8 C:\xampp\htdocs\prestamos\system\CodeIgniter.php(368): CodeIgniter\CodeIgniter->handleRequest(NULL, Object(Config\Cache), false)
#9 C:\xampp\htdocs\prestamos\public\index.php(67): CodeIgniter\CodeIgniter->run()
#10 {main}
CRITICAL - 2024-10-06 16:55:44 --> Unable to connect to the database.
Main connection [MySQLi]: Unknown database 'prestamos'
in SYSTEMPATH\Database\BaseConnection.php on line 427.
 1 SYSTEMPATH\Database\BaseConnection.php(574): CodeIgniter\Database\BaseConnection->initialize()
 2 SYSTEMPATH\Database\BaseBuilder.php(1616): CodeIgniter\Database\BaseConnection->query('SELECT *
FROM `usuarios`
WHERE `correo` = :correo:
AND `estado` = :estado:
 LIMIT 1', [...], false)
 3 SYSTEMPATH\Model.php(268): CodeIgniter\Database\BaseBuilder->get()
 4 SYSTEMPATH\BaseModel.php(656): CodeIgniter\Model->doFirst()
 5 APPPATH\Controllers\LoginController.php(40): CodeIgniter\BaseModel->first()
 6 SYSTEMPATH\CodeIgniter.php(934): App\Controllers\LoginController->validar()
 7 SYSTEMPATH\CodeIgniter.php(499): CodeIgniter\CodeIgniter->runController(Object(App\Controllers\LoginController))
 8 SYSTEMPATH\CodeIgniter.php(368): CodeIgniter\CodeIgniter->handleRequest(null, Object(Config\Cache), false)
 9 FCPATH\index.php(67): CodeIgniter\CodeIgniter->run()
INFO - 2024-10-06 16:56:05 --> Session: Class initialized using 'CodeIgniter\Session\Handlers\FileHandler' driver.
INFO - 2024-10-06 16:56:10 --> CSRF token verified.
INFO - 2024-10-06 16:56:10 --> Session: Class initialized using 'CodeIgniter\Session\Handlers\FileHandler' driver.
INFO - 2024-10-06 16:56:10 --> Session: Class initialized using 'CodeIgniter\Session\Handlers\FileHandler' driver.
INFO - 2024-10-06 16:56:23 --> Session: Class initialized using 'CodeIgniter\Session\Handlers\FileHandler' driver.
INFO - 2024-10-06 16:56:26 --> Session: Class initialized using 'CodeIgniter\Session\Handlers\FileHandler' driver.
INFO - 2024-10-06 16:56:28 --> Session: Class initialized using 'CodeIgniter\Session\Handlers\FileHandler' driver.
INFO - 2024-10-06 16:58:12 --> Session: Class initialized using 'CodeIgniter\Session\Handlers\FileHandler' driver.
INFO - 2024-10-06 16:58:15 --> Session: Class initialized using 'CodeIgniter\Session\Handlers\FileHandler' driver.
INFO - 2024-10-06 16:58:48 --> Session: Class initialized using 'CodeIgniter\Session\Handlers\FileHandler' driver.
INFO - 2024-10-06 16:59:00 --> CSRF token verified.
INFO - 2024-10-06 16:59:00 --> Session: Class initialized using 'CodeIgniter\Session\Handlers\FileHandler' driver.
INFO - 2024-10-06 16:59:00 --> Session: Class initialized using 'CodeIgniter\Session\Handlers\FileHandler' driver.
INFO - 2024-10-06 16:59:43 --> Session: Class initialized using 'CodeIgniter\Session\Handlers\FileHandler' driver.
INFO - 2024-10-06 16:59:46 --> Session: Class initialized using 'CodeIgniter\Session\Handlers\FileHandler' driver.
INFO - 2024-10-06 16:59:50 --> CSRF token verified.
INFO - 2024-10-06 16:59:50 --> Session: Class initialized using 'CodeIgniter\Session\Handlers\FileHandler' driver.
INFO - 2024-10-06 16:59:51 --> Session: Class initialized using 'CodeIgniter\Session\Handlers\FileHandler' driver.
INFO - 2024-10-06 17:01:33 --> CSRF token verified.
INFO - 2024-10-06 17:01:33 --> Session: Class initialized using 'CodeIgniter\Session\Handlers\FileHandler' driver.
INFO - 2024-10-06 17:01:33 --> Session: Class initialized using 'CodeIgniter\Session\Handlers\FileHandler' driver.
INFO - 2024-10-06 17:02:09 --> Session: Class initialized using 'CodeIgniter\Session\Handlers\FileHandler' driver.
